宸茬敤鏃堕棿 00:00:12.42
